[debug] [2025-08-28T19:21:56.876Z] ----------------------------------------------------------------------
[debug] [2025-08-28T19:21:56.879Z] Command:       C:\Program Files\nodejs\node.exe C:\Users\Akash\AppData\Roaming\npm\node_modules\firebase-tools\lib\bin\firebase.js deploy
[debug] [2025-08-28T19:21:56.879Z] CLI Version:   14.15.0
[debug] [2025-08-28T19:21:56.879Z] Platform:      win32
[debug] [2025-08-28T19:21:56.879Z] Node Version:  v22.16.0
[debug] [2025-08-28T19:21:56.880Z] Time:          Fri Aug 29 2025 00:51:56 GMT+0530 (India Standard Time)
[debug] [2025-08-28T19:21:56.880Z] ----------------------------------------------------------------------
[debug] 
[debug] [2025-08-28T19:21:57.058Z] > command requires scopes: ["email","openid","https://www.googleapis.com/auth/cloudplatformprojects.readonly","https://www.googleapis.com/auth/firebase","https://www.googleapis.com/auth/cloud-platform"]
[debug] [2025-08-28T19:21:57.059Z] > authorizing via signed-in user (akashshenvi93@gmail.com)
[debug] [2025-08-28T19:21:57.059Z] [iam] checking project andhub-canara for permissions ["firebase.projects.get","firebasehosting.sites.update"]
[debug] [2025-08-28T19:21:57.060Z] Checked if tokens are valid: true, expires at: 1756410968486
[debug] [2025-08-28T19:21:57.060Z] Checked if tokens are valid: true, expires at: 1756410968486
[debug] [2025-08-28T19:21:57.061Z] >>> [apiv2][query] POST https://cloudresourcemanager.googleapis.com/v1/projects/andhub-canara:testIamPermissions [none]
[debug] [2025-08-28T19:21:57.061Z] >>> [apiv2][(partial)header] POST https://cloudresourcemanager.googleapis.com/v1/projects/andhub-canara:testIamPermissions x-goog-quota-user=projects/andhub-canara
[debug] [2025-08-28T19:21:57.061Z] >>> [apiv2][body] POST https://cloudresourcemanager.googleapis.com/v1/projects/andhub-canara:testIamPermissions {"permissions":["firebase.projects.get","firebasehosting.sites.update"]}
[debug] [2025-08-28T19:21:58.620Z] <<< [apiv2][status] POST https://cloudresourcemanager.googleapis.com/v1/projects/andhub-canara:testIamPermissions 200
[debug] [2025-08-28T19:21:58.620Z] <<< [apiv2][body] POST https://cloudresourcemanager.googleapis.com/v1/projects/andhub-canara:testIamPermissions {"permissions":["firebase.projects.get","firebasehosting.sites.update"]}
[debug] [2025-08-28T19:21:58.620Z] Checked if tokens are valid: true, expires at: 1756410968486
[debug] [2025-08-28T19:21:58.620Z] Checked if tokens are valid: true, expires at: 1756410968486
[debug] [2025-08-28T19:21:58.621Z] >>> [apiv2][query] GET https://firebase.googleapis.com/v1beta1/projects/andhub-canara [none]
